<html>
<body>
<pre>
<h1>礦ision Build Log</h1>
<h2>Tool Versions:</h2>
IDE-Version: μVision V5.36.0.0
Copyright (C) 2021 ARM Ltd and ARM Germany GmbH. All rights reserved.
License Information: 1 wu'hao'jie, 1, LIC=FYKYW-QBJ11-AR4XW-Q4HNK-M13VB-MYPEC
 
Tool Versions:
Toolchain:       MDK-ARM Plus  Version: 5.36.0.0
Toolchain Path:  C:\Keil_v5\ARM\ARMCC\Bin
C Compiler:      Armcc.exe V5.06 update 7 (build 960)
Assembler:       Armasm.exe V5.06 update 7 (build 960)
Linker/Locator:  ArmLink.exe V5.06 update 7 (build 960)
Library Manager: ArmAr.exe V5.06 update 7 (build 960)
Hex Converter:   FromElf.exe V5.06 update 7 (build 960)
CPU DLL:         SARMCM3.DLL V5.36.0.0
Dialog DLL:      DCM.DLL V1.17.3.0
Target DLL:      STLink\ST-LINKIII-KEIL_SWO.dll V3.0.9.0
Dialog DLL:      TCM.DLL V1.53.0.0
 
<h2>Project:</h2>
C:\Users\wu'hao'jie\Desktop\CS\RTOS\32_wifi模块(优化4) - kit3 -flash\32_wifi模块(优化4) - kit3 -flash.uvprojx
Project File Date:  05/30/2025

<h2>Output:</h2>
*** Using Compiler 'V5.06 update 7 (build 960)', folder: 'C:\Keil_v5\ARM\ARMCC\Bin'
Rebuild target 'Target 1'
assembling startup_stm32f10x_md.s...
compiling core_cm3.c...
compiling system_stm32f10x.c...
compiling misc.c...
compiling stm32f10x_adc.c...
compiling stm32f10x_bkp.c...
compiling stm32f10x_can.c...
compiling stm32f10x_cec.c...
compiling stm32f10x_crc.c...
compiling stm32f10x_dac.c...
compiling stm32f10x_dbgmcu.c...
compiling stm32f10x_dma.c...
compiling stm32f10x_exti.c...
compiling stm32f10x_flash.c...
compiling stm32f10x_fsmc.c...
compiling stm32f10x_gpio.c...
compiling stm32f10x_i2c.c...
compiling stm32f10x_it.c...
compiling stm32f10x_iwdg.c...
compiling stm32f10x_pwr.c...
compiling stm32f10x_rcc.c...
compiling stm32f10x_rtc.c...
compiling stm32f10x_sdio.c...
compiling stm32f10x_spi.c...
compiling stm32f10x_tim.c...
compiling stm32f10x_usart.c...
compiling croutine.c...
compiling stm32f10x_wwdg.c...
compiling heap_4.c...
compiling event_groups.c...
compiling list.c...
compiling queue.c...
compiling stream_buffer.c...
compiling port.c...
compiling timers.c...
compiling tasks.c...
compiling Delay.c...
compiling IWDG.c...
compiling OLED.c...
compiling UART1.c...
Utils\UART3.h(30): warning:  #1295-D: Deprecated declaration USART3_Init - give arg types
  void USART3_Init();
Utils\UART2.h(28): warning:  #1295-D: Deprecated declaration USART2_Init - give arg types
  void USART2_Init();
Utils\UART1.h(27): warning:  #1295-D: Deprecated declaration USART1_Init - give arg types
  void USART1_Init();
Utils\UART1.c: 3 warnings, 0 errors
compiling UART2.c...
Utils\UART3.h(30): warning:  #1295-D: Deprecated declaration USART3_Init - give arg types
  void USART3_Init();
Utils\UART1.h(27): warning:  #1295-D: Deprecated declaration USART1_Init - give arg types
  void USART1_Init();
Utils\UART2.h(28): warning:  #1295-D: Deprecated declaration USART2_Init - give arg types
  void USART2_Init();
Utils\UART2.c(8): warning:  #177-D: variable "str2"  was declared but never referenced
  static char str2[MAXSIZE_USART2];
Utils\UART2.c(9): warning:  #177-D: variable "Subscript2"  was declared but never referenced
  static uint32_t Subscript2 = 0;
Utils\UART2.c: 5 warnings, 0 errors
compiling UART3.c...
Utils\UART2.h(28): warning:  #1295-D: Deprecated declaration USART2_Init - give arg types
  void USART2_Init();
Utils\UART1.h(27): warning:  #1295-D: Deprecated declaration USART1_Init - give arg types
  void USART1_Init();
Utils\UART3.h(30): warning:  #1295-D: Deprecated declaration USART3_Init - give arg types
  void USART3_Init();
Utils\UART3.c(8): warning:  #177-D: variable "str3"  was declared but never referenced
  static char *str3[2];
Utils\UART3.c(9): warning:  #177-D: variable "Subscript3"  was declared but never referenced
  static uint32_t Subscript3 = 0;
Utils\UART3.c(10): warning:  #177-D: variable "Row_Subscript3"  was declared but never referenced
  static uint32_t Row_Subscript3 = 0;
Utils\UART3.c(12): warning:  #177-D: variable "num"  was declared but never referenced
  static int num = 0;//!鐨勬暟閲?
Utils\UART3.c: 7 warnings, 0 errors
compiling ADC.c...
compiling TCP.c...
Utils\UART3.h(30): warning:  #1295-D: Deprecated declaration USART3_Init - give arg types
  void USART3_Init();
Utils\UART2.h(28): warning:  #1295-D: Deprecated declaration USART2_Init - give arg types
  void USART2_Init();
Utils\UART1.h(27): warning:  #1295-D: Deprecated declaration USART1_Init - give arg types
  void USART1_Init();
Utils\TCP.c: 3 warnings, 0 errors
compiling Button.c...
compiling buzzer.c...
compiling LED.c...
compiling Flash.c...
Utils\Flash.c(31): warning:  #1-D: last line of file ends without a newline
  }
Utils\Flash.c: 1 warning, 0 errors
compiling main.c...
.\Utils\UART3.h(30): warning:  #1295-D: Deprecated declaration USART3_Init - give arg types
  void USART3_Init();
.\Utils\UART2.h(28): warning:  #1295-D: Deprecated declaration USART2_Init - give arg types
  void USART2_Init();
.\Utils\UART1.h(27): warning:  #1295-D: Deprecated declaration USART1_Init - give arg types
  void USART1_Init();
User\main.c(157): warning:  #111-D: statement is unreachable
      TCP_Release();
User\main.c: 4 warnings, 0 errors
linking...
Program Size: Code=19424 RO-data=2344 RW-data=132 ZI-data=19260  
".\Objects\31_wifi模块(优化4) - kit2.axf" - 0 Error(s), 23 Warning(s).

<h2>Software Packages used:</h2>

Package Vendor: Keil
                https://www.keil.com/pack/Keil.STM32F1xx_DFP.2.4.1.pack
                Keil.STM32F1xx_DFP.2.4.1
                STMicroelectronics STM32F1 Series Device Support, Drivers and Examples

<h2>Collection of Component include folders:</h2>
  C:\Users\wu'hao'jie\AppData\Local\Arm\Packs\Keil\STM32F1xx_DFP\2.4.1\Device\Include

<h2>Collection of Component Files used:</h2>
Build Time Elapsed:  00:00:06
</pre>
</body>
</html>
